exports[`Our first snapshot test Should compare the component with a snapshot 1`] = `
<p
  className="App-intro">
  To get started, edit 
  <code>
    src/App.js
  </code>
   and save to reload.
</p>
`;
